// Jest Snapshot v1, https://goo.gl/fbAQLP

exports[`GameOfLife renders renders homepage unchanged 1`] = `
<div>
  <main
    class="flex flex-col align-center items-center p-10 pt-20 md:w-3/5 lg:w-1/2 xl:w-2/5 mx-auto"
  >
    <h1
      class="text-4xl mb-4"
    >
      Conway's Game of Life
    </h1>
    <p>
      A cellular automaton simulation.
    </p>
    <canvas
      class="w-full h-full"
      id="game-of-life-canvas"
    />
    <label
      class="flex gap-2 p-1 self-end"
      for="play-forever"
    >
      <input
        id="play-forever"
        type="checkbox"
      />
      Play Forever
    </label>
    <div
      class="flex w-full justify-center gap-10"
      role="group"
    >
      <button
        class="fold-bold rounded border-2 border-black bg-white px-3 py-1 text-base font-bold text-black transition duration-100 hover:bg-yellow-400 hover:text-gray-900"
        type="button"
      >
        Next state
      </button>
      <div
        class="flex"
      >
        <input
          class="border-2 p-1 rounded-md rounded-r-none w-10 text-center"
          min="1"
          type="number"
        />
        <button
          class="fold-bold rounded rounded-l-none border-2 border-black bg-black px-3 py-1 text-base font-bold text-white transition duration-100 hover:bg-gray-900 hover:text-yellow-500"
          type="button"
        >
          Advance state
        </button>
      </div>
    </div>
  </main>
</div>
`;
